/home/stage/Desktop/SimpleApp/Core/Src/main.c:101:5:_write	32	static
/home/stage/Desktop/SimpleApp/Core/Src/main.c:119:5:main	8	static
/home/stage/Desktop/SimpleApp/Core/Src/main.c:170:6:SystemClock_Config	88	static
/home/stage/Desktop/SimpleApp/Core/Src/main.c:212:13:MX_USART3_UART_Init	8	static
/home/stage/Desktop/SimpleApp/Core/Src/main.c:247:13:MX_GPIO_Init	32	static
/home/stage/Desktop/SimpleApp/Core/Src/main.c:274:6:MPU_Config	24	static
/home/stage/Desktop/SimpleApp/Core/Src/main.c:305:6:Error_Handler	4	static,ignoring_inline_asm
